[2023-11-04 14:51:17,066] [plex_meta_manager.py:226]  [INFO]     |========================================================================================================================================================================================================|
[2023-11-04 14:51:17,067] [plex_meta_manager.py:227]  [INFO]     |                                                                                                                                                                                                        |
[2023-11-04 14:51:17,067] [plex_meta_manager.py:228]  [INFO]     |                                                          ____  _             __  __      _          __  __                                                                                             |
[2023-11-04 14:51:17,067] [plex_meta_manager.py:229]  [INFO]     |                                                         |  _ \| | _____  __ |  \/  | ___| |_ __ _  |  \/  | __ _ _ __   __ _  __ _  ___ _ __                                                           |
[2023-11-04 14:51:17,067] [plex_meta_manager.py:230]  [INFO]     |                                                         | |_) | |/ _ \ \/ / | |\/| |/ _ \ __/ _` | | |\/| |/ _` | '_ \ / _` |/ _` |/ _ \ '__|                                                          |
[2023-11-04 14:51:17,067] [plex_meta_manager.py:231]  [INFO]     |                                                         |  __/| |  __/>  <  | |  | |  __/ || (_| | | |  | | (_| | | | | (_| | (_| |  __/ |                                                             |
[2023-11-04 14:51:17,067] [plex_meta_manager.py:232]  [INFO]     |                                                         |_|   |_|\___/_/\_\ |_|  |_|\___|\__\__,_| |_|  |_|\__,_|_| |_|\__,_|\__, |\___|_|                                                             |
[2023-11-04 14:51:17,067] [plex_meta_manager.py:233]  [INFO]     |                                                                                                                              |___/                                                                     |
[2023-11-04 14:51:17,067] [plex_meta_manager.py:235]  [INFO]     |     Version: 1.19.1-nightly22 (Docker)                                                                                                                                                                 |
[2023-11-04 14:51:17,108] [plex_meta_manager.py:240]  [INFO]     |     PlexAPI library version: 4.15.4                                                                                                                                                                    |
[2023-11-04 14:51:17,108] [plex_meta_manager.py:241]  [INFO]     |     Platform: Linux-6.1.38-Unraid-x86_64-with-glibc2.28                                                                                                                                                |
[2023-11-04 14:51:17,109] [plex_meta_manager.py:242]  [INFO]     |     Memory: 47 GB                                                                                                                                                                                      |
[2023-11-04 14:51:17,109] [plex_meta_manager.py:265]  [DEBUG]    |========================================================================================================================================================================================================|
[2023-11-04 14:51:17,109] [plex_meta_manager.py:266]  [DEBUG]    | Run Command: plex_meta_manager.py --config config/TV/HolidaysTV.yml --run                                                                                                                              |
[2023-11-04 14:51:17,109] [plex_meta_manager.py:269]  [DEBUG]    | --config (PMM_CONFIG): "config/TV/HolidaysTV.yml"                                                                                                                                                      |
[2023-11-04 14:51:17,109] [plex_meta_manager.py:269]  [DEBUG]    | --times (PMM_TIMES): "3:00"                                                                                                                                                                            |
[2023-11-04 14:51:17,109] [plex_meta_manager.py:269]  [DEBUG]    | --run (PMM_RUN): True                                                                                                                                                                                  |
[2023-11-04 14:51:17,109] [plex_meta_manager.py:269]  [DEBUG]    | --tests (PMM_TESTS): False                                                                                                                                                                             |
[2023-11-04 14:51:17,109] [plex_meta_manager.py:269]  [DEBUG]    | --debug (PMM_DEBUG): False                                                                                                                                                                             |
[2023-11-04 14:51:17,109] [plex_meta_manager.py:269]  [DEBUG]    | --trace (PMM_TRACE): False                                                                                                                                                                             |
[2023-11-04 14:51:17,109] [plex_meta_manager.py:269]  [DEBUG]    | --log-requests (PMM_LOG-REQUESTS): False                                                                                                                                                               |
[2023-11-04 14:51:17,109] [plex_meta_manager.py:269]  [DEBUG]    | --timeout (PMM_TIMEOUT): 180                                                                                                                                                                           |
[2023-11-04 14:51:17,109] [plex_meta_manager.py:269]  [DEBUG]    | --collections-only (PMM_COLLECTIONS-ONLY): False                                                                                                                                                       |
[2023-11-04 14:51:17,109] [plex_meta_manager.py:269]  [DEBUG]    | --playlists-only (PMM_PLAYLISTS-ONLY): False                                                                                                                                                           |
[2023-11-04 14:51:17,109] [plex_meta_manager.py:269]  [DEBUG]    | --operations-only (PMM_OPERATIONS-ONLY): False                                                                                                                                                         |
[2023-11-04 14:51:17,109] [plex_meta_manager.py:269]  [DEBUG]    | --overlays-only (PMM_OVERLAYS-ONLY): False                                                                                                                                                             |
[2023-11-04 14:51:17,109] [plex_meta_manager.py:269]  [DEBUG]    | --run-collections (PMM_RUN-COLLECTIONS): None                                                                                                                                                          |
[2023-11-04 14:51:17,109] [plex_meta_manager.py:269]  [DEBUG]    | --run-libraries (PMM_RUN-LIBRARIES): None                                                                                                                                                              |
[2023-11-04 14:51:17,109] [plex_meta_manager.py:269]  [DEBUG]    | --run-metadata-files (PMM_RUN-METADATA-FILES): None                                                                                                                                                    |
[2023-11-04 14:51:17,109] [plex_meta_manager.py:269]  [DEBUG]    | --libraries-first (PMM_LIBRARIES-FIRST): False                                                                                                                                                         |
[2023-11-04 14:51:17,109] [plex_meta_manager.py:269]  [DEBUG]    | --ignore-schedules (PMM_IGNORE-SCHEDULES): False                                                                                                                                                       |
[2023-11-04 14:51:17,109] [plex_meta_manager.py:269]  [DEBUG]    | --ignore-ghost (PMM_IGNORE-GHOST): False                                                                                                                                                               |
[2023-11-04 14:51:17,109] [plex_meta_manager.py:269]  [DEBUG]    | --delete-collections (PMM_DELETE-COLLECTIONS): False                                                                                                                                                   |
[2023-11-04 14:51:17,109] [plex_meta_manager.py:269]  [DEBUG]    | --delete-labels (PMM_DELETE-LABELS): False                                                                                                                                                             |
[2023-11-04 14:51:17,109] [plex_meta_manager.py:269]  [DEBUG]    | --resume (PMM_RESUME): None                                                                                                                                                                            |
[2023-11-04 14:51:17,109] [plex_meta_manager.py:269]  [DEBUG]    | --no-countdown (PMM_NO-COUNTDOWN): False                                                                                                                                                               |
[2023-11-04 14:51:17,109] [plex_meta_manager.py:269]  [DEBUG]    | --no-missing (PMM_NO-MISSING): False                                                                                                                                                                   |
[2023-11-04 14:51:17,109] [plex_meta_manager.py:269]  [DEBUG]    | --no-report (PMM_NO-REPORT): False                                                                                                                                                                     |
[2023-11-04 14:51:17,109] [plex_meta_manager.py:269]  [DEBUG]    | --read-only-config (PMM_READ-ONLY-CONFIG): False                                                                                                                                                       |
[2023-11-04 14:51:17,109] [plex_meta_manager.py:269]  [DEBUG]    | --divider (PMM_DIVIDER): "="                                                                                                                                                                           |
[2023-11-04 14:51:17,109] [plex_meta_manager.py:269]  [DEBUG]    | --width (PMM_WIDTH): 200                                                                                                                                                                               |
[2023-11-04 14:51:17,109] [plex_meta_manager.py:270]  [DEBUG]    |                                                                                                                                                                                                        |
[2023-11-04 14:51:17,109] [plex_meta_manager.py:276]  [INFO]     |========================================================================================================================================================================================================|
[2023-11-04 14:51:17,110] [plex_meta_manager.py:276]  [INFO]     |                                                                                              Starting Run                                                                                              |
[2023-11-04 14:51:17,110] [plex_meta_manager.py:276]  [INFO]     |========================================================================================================================================================================================================|
[2023-11-04 14:51:17,110] [config.py:115]             [INFO]     | Locating config...                                                                                                                                                                                     |
[2023-11-04 14:51:17,110] [config.py:121]             [INFO]     | Using /config/TV/HolidaysTV.yml as config                                                                                                                                                              |
[2023-11-04 14:51:17,111] [config.py:161]             [DEBUG]    |=========================================================================================== Redacted Config ============================================================================================|
[2023-11-04 14:51:17,111] [config.py:163]             [DEBUG]    | collections:                                                                                                                                                                                           |
[2023-11-04 14:51:17,111] [config.py:163]             [DEBUG]    |   "The Office: Christmas":                                                                                                                                                                             |
[2023-11-04 14:51:17,111] [config.py:163]             [DEBUG]    |     #sort_by: release.asc                                                                                                                                                                              |
[2023-11-04 14:51:17,111] [config.py:163]             [DEBUG]    |     plex_search:                                                                                                                                                                                       |
[2023-11-04 14:51:17,111] [config.py:163]             [DEBUG]    |         all:                                                                                                                                                                                           |
[2023-11-04 14:51:17,111] [config.py:163]             [DEBUG]    |             title:                                                                                                                                                                                     |
[2023-11-04 14:51:17,111] [config.py:163]             [DEBUG]    |                 - The Office                                                                                                                                                                           |
[2023-11-04 14:51:17,111] [config.py:163]             [DEBUG]    |             episode_title:                                                                                                                                                                             |
[2023-11-04 14:51:17,111] [config.py:163]             [DEBUG]    |                 - Christmas Party                                                                                                                                                                      |
[2023-11-04 14:51:17,111] [config.py:163]             [DEBUG]    |                 - A Benihana Christmas                                                                                                                                                                 |
[2023-11-04 14:51:17,111] [config.py:163]             [DEBUG]    |                 - Moroccan Christmas                                                                                                                                                                   |
[2023-11-04 14:51:17,111] [config.py:163]             [DEBUG]    |                 - Secret Santa                                                                                                                                                                         |
[2023-11-04 14:51:17,111] [config.py:163]             [DEBUG]    |                 - Classy Christmas                                                                                                                                                                     |
[2023-11-04 14:51:17,111] [config.py:163]             [DEBUG]    |                 - Christmas Wishes                                                                                                                                                                     |
[2023-11-04 14:51:17,111] [config.py:163]             [DEBUG]    |                 - Dwight Christmas                                                                                                                                                                     |
[2023-11-04 14:51:17,111] [config.py:163]             [DEBUG]    |   Christmas Episodes:                                                                                                                                                                                  |
[2023-11-04 14:51:17,111] [config.py:163]             [DEBUG]    |     imdb_list:                                                                                                                                                                                         |
[2023-11-04 14:51:17,111] [config.py:163]             [DEBUG]    |       - https://www.imdb.com/search/keyword/?keywords=christmas-episode&title_type=tvEpisode                                                                                                           |
[2023-11-04 14:51:17,111] [config.py:163]             [DEBUG]    |     collection_level: episode                                                                                                                                                                          |
[2023-11-04 14:51:17,111] [config.py:163]             [DEBUG]    |     sync_mode: sync                                                                                                                                                                                    |
[2023-11-04 14:51:17,111] [config.py:163]             [DEBUG]    |     summary: Its the time of the year, for Christmas episodes!                                                                                                                                         |
[2023-11-04 14:51:17,111] [config.py:163]             [DEBUG]    |     #url_poster: https://theposterdb.com/api/assets/48897                                                                                                                                              |
[2023-11-04 14:51:17,112] [config.py:163]             [DEBUG]    |     schedule: range(11/01-01/02)                                                                                                                                                                       |
[2023-11-04 14:51:17,112] [config.py:163]             [DEBUG]    |     delete_not_scheduled: true                                                                                                                                                                         |
[2023-11-04 14:51:17,112] [config.py:163]             [DEBUG]    |     collection_order: custom                                                                                                                                                                           |
[2023-11-04 14:51:17,112] [config.py:163]             [DEBUG]    |     sort_title: "!AA"                                                                                                                                                                                  |
[2023-11-04 14:51:17,112] [config.py:163]             [DEBUG]    |     visible_home: true                                                                                                                                                                                 |
[2023-11-04 14:51:17,112] [config.py:163]             [DEBUG]    |     visible_shared: true                                                                                                                                                                               |
[2023-11-04 14:51:17,112] [config.py:163]             [DEBUG]    |     visible_library: true                                                                                                                                                                              |
[2023-11-04 14:51:17,112] [config.py:163]             [DEBUG]    |                                                                                                                                                                                                        |
[2023-11-04 14:51:17,112] [config.py:163]             [DEBUG]    |   Halloween Episodes:                                                                                                                                                                                  |
[2023-11-04 14:51:17,112] [config.py:163]             [DEBUG]    |     imdb_list:                                                                                                                                                                                         |
[2023-11-04 14:51:17,112] [config.py:163]             [DEBUG]    |       - https://www.imdb.com/search/keyword/?keywords=halloween-episode&title_type=tvEpisode                                                                                                           |
[2023-11-04 14:51:17,112] [config.py:163]             [DEBUG]    |     collection_level: episode                                                                                                                                                                          |
[2023-11-04 14:51:17,112] [config.py:163]             [DEBUG]    |     sync_mode: sync                                                                                                                                                                                    |
[2023-11-04 14:51:17,112] [config.py:163]             [DEBUG]    |     summary: Its the time of the year, for Halloween episodes!                                                                                                                                         |
[2023-11-04 14:51:17,112] [config.py:163]             [DEBUG]    |     #url_poster: https://theposterdb.com/api/assets/48897                                                                                                                                              |
[2023-11-04 14:51:17,112] [config.py:163]             [DEBUG]    |     schedule: range(10/01-11/03)                                                                                                                                                                       |
[2023-11-04 14:51:17,112] [config.py:163]             [DEBUG]    |     delete_not_scheduled: true                                                                                                                                                                         |
[2023-11-04 14:51:17,112] [config.py:163]             [DEBUG]    |     collection_order: custom                                                                                                                                                                           |
[2023-11-04 14:51:17,112] [config.py:163]             [DEBUG]    |     sort_title: "!AAB"                                                                                                                                                                                 |
[2023-11-04 14:51:17,112] [config.py:163]             [DEBUG]    |     visible_home: true                                                                                                                                                                                 |
[2023-11-04 14:51:17,112] [config.py:163]             [DEBUG]    |     visible_shared: true                                                                                                                                                                               |
[2023-11-04 14:51:17,112] [config.py:163]             [DEBUG]    |     visible_library: true                                                                                                                                                                              |
[2023-11-04 14:51:17,112] [config.py:163]             [DEBUG]    |                                                                                                                                                                                                        |
[2023-11-04 14:51:17,112] [config.py:163]             [DEBUG]    |   Thanksgiving Episodes:                                                                                                                                                                               |
[2023-11-04 14:51:17,112] [config.py:163]             [DEBUG]    |     imdb_list:                                                                                                                                                                                         |
[2023-11-04 14:51:17,112] [config.py:163]             [DEBUG]    |       - https://www.imdb.com/search/keyword/?keywords=thanksgiving-episode&title_type=tvEpisode                                                                                                        |
[2023-11-04 14:51:17,112] [config.py:163]             [DEBUG]    |     collection_level: episode                                                                                                                                                                          |
[2023-11-04 14:51:17,112] [config.py:163]             [DEBUG]    |     sync_mode: sync                                                                                                                                                                                    |
[2023-11-04 14:51:17,112] [config.py:163]             [DEBUG]    |     summary: Its the time of the year, for Thanksgiving episodes!                                                                                                                                      |
[2023-11-04 14:51:17,112] [config.py:163]             [DEBUG]    |     #url_poster: https://theposterdb.com/api/assets/48897                                                                                                                                              |
[2023-11-04 14:51:17,112] [config.py:163]             [DEBUG]    |     schedule: range(11/01-11/30)                                                                                                                                                                       |
[2023-11-04 14:51:17,112] [config.py:163]             [DEBUG]    |     delete_not_scheduled: true                                                                                                                                                                         |
[2023-11-04 14:51:17,112] [config.py:163]             [DEBUG]    |     collection_order: custom                                                                                                                                                                           |
[2023-11-04 14:51:17,112] [config.py:163]             [DEBUG]    |     sort_title: "!AB"                                                                                                                                                                                  |
[2023-11-04 14:51:17,112] [config.py:163]             [DEBUG]    |     visible_home: true                                                                                                                                                                                 |
[2023-11-04 14:51:17,112] [config.py:163]             [DEBUG]    |     visible_shared: true                                                                                                                                                                               |
[2023-11-04 14:51:17,112] [config.py:163]             [DEBUG]    |     visible_library: true                                                                                                                                                                              |
[2023-11-04 14:51:17,112] [config.py:164]             [DEBUG]    |                                                                                                                                                                                                        |
[2023-11-04 14:51:17,126] [config.py:388]             [WARNING]  | Config Warning: settings sub-attribute cache not found using True as default                                                                                                                           |
                                                                 | settings sub-attribute cache added to config                                                                                                                                                           |
[2023-11-04 14:51:17,134] [config.py:388]             [WARNING]  | Config Warning: settings sub-attribute cache_expiration not found using 60 as default                                                                                                                  |
                                                                 | settings sub-attribute cache_expiration added to config                                                                                                                                                |
[2023-11-04 14:51:17,141] [config.py:388]             [WARNING]  | Config Warning: settings sub-attribute asset_directory not found using None as default                                                                                                                 |
                                                                 | settings sub-attribute asset_directory added to config                                                                                                                                                 |
[2023-11-04 14:51:17,148] [config.py:388]             [WARNING]  | Config Warning: settings sub-attribute asset_folders not found using True as default                                                                                                                   |
                                                                 | settings sub-attribute asset_folders added to config                                                                                                                                                   |
[2023-11-04 14:51:17,155] [config.py:388]             [WARNING]  | Config Warning: settings sub-attribute asset_depth not found using 0 as default                                                                                                                        |
                                                                 | settings sub-attribute asset_depth added to config                                                                                                                                                     |
[2023-11-04 14:51:17,162] [config.py:388]             [WARNING]  | Config Warning: settings sub-attribute create_asset_folders not found using False as default                                                                                                           |
                                                                 | settings sub-attribute create_asset_folders added to config                                                                                                                                            |
[2023-11-04 14:51:17,170] [config.py:388]             [WARNING]  | Config Warning: settings sub-attribute prioritize_assets not found using False as default                                                                                                              |
                                                                 | settings sub-attribute prioritize_assets added to config                                                                                                                                               |
[2023-11-04 14:51:17,177] [config.py:388]             [WARNING]  | Config Warning: settings sub-attribute dimensional_asset_rename not found using False as default                                                                                                       |
                                                                 | settings sub-attribute dimensional_asset_rename added to config                                                                                                                                        |
[2023-11-04 14:51:17,185] [config.py:388]             [WARNING]  | Config Warning: settings sub-attribute download_url_assets not found using False as default                                                                                                            |
                                                                 | settings sub-attribute download_url_assets added to config                                                                                                                                             |
[2023-11-04 14:51:17,193] [config.py:388]             [WARNING]  | Config Warning: settings sub-attribute show_missing_assets not found using True as default                                                                                                             |
                                                                 | settings sub-attribute show_missing_assets added to config                                                                                                                                             |
[2023-11-04 14:51:17,203] [config.py:388]             [WARNING]  | Config Warning: settings sub-attribute show_missing_season_assets not found using False as default                                                                                                     |
                                                                 | settings sub-attribute show_missing_season_assets added to config                                                                                                                                      |
[2023-11-04 14:51:17,213] [config.py:388]             [WARNING]  | Config Warning: settings sub-attribute show_missing_episode_assets not found using False as default                                                                                                    |
                                                                 | settings sub-attribute show_missing_episode_assets added to config                                                                                                                                     |
[2023-11-04 14:51:17,223] [config.py:388]             [WARNING]  | Config Warning: settings sub-attribute show_asset_not_needed not found using True as default                                                                                                           |
                                                                 | settings sub-attribute show_asset_not_needed added to config                                                                                                                                           |
[2023-11-04 14:51:17,235] [config.py:388]             [WARNING]  | Config Warning: settings sub-attribute sync_mode not found using append as default                                                                                                                     |
                                                                 | settings sub-attribute sync_mode added to config                                                                                                                                                       |
[2023-11-04 14:51:17,244] [config.py:388]             [WARNING]  | Config Warning: settings sub-attribute default_collection_order not found using None as default                                                                                                        |
                                                                 | settings sub-attribute default_collection_order added to config                                                                                                                                        |
[2023-11-04 14:51:17,253] [config.py:388]             [WARNING]  | Config Warning: settings sub-attribute minimum_items not found using 1 as default                                                                                                                      |
                                                                 | settings sub-attribute minimum_items added to config                                                                                                                                                   |
[2023-11-04 14:51:17,263] [config.py:388]             [WARNING]  | Config Warning: settings sub-attribute item_refresh_delay not found using 0 as default                                                                                                                 |
                                                                 | settings sub-attribute item_refresh_delay added to config                                                                                                                                              |
[2023-11-04 14:51:17,272] [config.py:388]             [WARNING]  | Config Warning: settings sub-attribute delete_below_minimum not found using False as default                                                                                                           |
                                                                 | settings sub-attribute delete_below_minimum added to config                                                                                                                                            |
[2023-11-04 14:51:17,282] [config.py:388]             [WARNING]  | Config Warning: settings sub-attribute delete_not_scheduled not found using False as default                                                                                                           |
                                                                 | settings sub-attribute delete_not_scheduled added to config                                                                                                                                            |
[2023-11-04 14:51:17,291] [config.py:388]             [WARNING]  | Config Warning: settings sub-attribute run_again_delay not found using 0 as default                                                                                                                    |
                                                                 | settings sub-attribute run_again_delay added to config                                                                                                                                                 |
[2023-11-04 14:51:17,300] [config.py:388]             [WARNING]  | Config Warning: settings sub-attribute missing_only_released not found using False as default                                                                                                          |
                                                                 | settings sub-attribute missing_only_released added to config                                                                                                                                           |
[2023-11-04 14:51:17,309] [config.py:388]             [WARNING]  | Config Warning: settings sub-attribute only_filter_missing not found using False as default                                                                                                            |
                                                                 | settings sub-attribute only_filter_missing added to config                                                                                                                                             |
[2023-11-04 14:51:17,318] [config.py:388]             [WARNING]  | Config Warning: settings sub-attribute show_unmanaged not found using True as default                                                                                                                  |
                                                                 | settings sub-attribute show_unmanaged added to config                                                                                                                                                  |
[2023-11-04 14:51:17,328] [config.py:388]             [WARNING]  | Config Warning: settings sub-attribute show_unconfigured not found using True as default                                                                                                               |
                                                                 | settings sub-attribute show_unconfigured added to config                                                                                                                                               |
[2023-11-04 14:51:17,337] [config.py:388]             [WARNING]  | Config Warning: settings sub-attribute show_filtered not found using False as default                                                                                                                  |
                                                                 | settings sub-attribute show_filtered added to config                                                                                                                                                   |
[2023-11-04 14:51:17,347] [config.py:388]             [WARNING]  | Config Warning: settings sub-attribute show_options not found using False as default                                                                                                                   |
                                                                 | settings sub-attribute show_options added to config                                                                                                                                                    |
[2023-11-04 14:51:17,356] [config.py:388]             [WARNING]  | Config Warning: settings sub-attribute show_missing not found using True as default                                                                                                                    |
                                                                 | settings sub-attribute show_missing added to config                                                                                                                                                    |
[2023-11-04 14:51:17,366] [config.py:388]             [WARNING]  | Config Warning: settings sub-attribute save_report not found using False as default                                                                                                                    |
                                                                 | settings sub-attribute save_report added to config                                                                                                                                                     |
[2023-11-04 14:51:17,376] [config.py:388]             [WARNING]  | Config Warning: settings sub-attribute tvdb_language not found using default as default                                                                                                                |
                                                                 | settings sub-attribute tvdb_language added to config                                                                                                                                                   |
[2023-11-04 14:51:17,406] [config.py:388]             [WARNING]  | Config Warning: settings sub-attribute playlist_sync_to_users not found using all as default                                                                                                           |
                                                                 | settings sub-attribute playlist_sync_to_users added to config                                                                                                                                          |
[2023-11-04 14:51:17,416] [config.py:388]             [WARNING]  | Config Warning: settings sub-attribute playlist_exclude_users not found using None as default                                                                                                          |
                                                                 | settings sub-attribute playlist_exclude_users added to config                                                                                                                                          |
[2023-11-04 14:51:17,426] [config.py:388]             [WARNING]  | Config Warning: settings sub-attribute playlist_report not found using True as default                                                                                                                 |
                                                                 | settings sub-attribute playlist_report added to config                                                                                                                                                 |
[2023-11-04 14:51:17,437] [config.py:388]             [WARNING]  | Config Warning: settings sub-attribute verify_ssl not found using True as default                                                                                                                      |
                                                                 | settings sub-attribute verify_ssl added to config                                                                                                                                                      |
[2023-11-04 14:51:17,448] [config.py:388]             [WARNING]  | Config Warning: settings sub-attribute custom_repo not found using None as default                                                                                                                     |
                                                                 | settings sub-attribute custom_repo added to config                                                                                                                                                     |
[2023-11-04 14:51:17,460] [config.py:388]             [WARNING]  | Config Warning: settings sub-attribute check_nightly not found using False as default                                                                                                                  |
                                                                 | settings sub-attribute check_nightly added to config                                                                                                                                                   |
[2023-11-04 14:51:17,460] [config.py:450]             [INFO]     |========================================================================================================================================================================================================|
[2023-11-04 14:51:17,460] [cache.py:17]               [INFO]     | Initializing cache database at /config/TV/HolidaysTV.cache                                                                                                                                             |
[2023-11-04 14:51:17,557] [config.py:456]             [INFO]     |========================================================================================================================================================================================================|
[2023-11-04 14:51:17,557] [config.py:471]             [INFO]     | notifiarr attribute not found                                                                                                                                                                          |
[2023-11-04 14:51:17,557] [config.py:491]             [INFO]     |========================================================================================================================================================================================================|
[2023-11-04 14:51:17,557] [config.py:496]             [INFO]     | Connecting to TMDb...                                                                                                                                                                                  |
[2023-11-04 14:51:17,571] [config.py:1070]            [DEBUG]    | Traceback (most recent call last):                                                                                                                                                                     |
                                                                 |   File "/modules/config.py", line 498, in __init__                                                                                                                                                     |
                                                                 |     "apikey": check_for_attribute(self.data, "apikey", parent="tmdb", throw=True),                                                                                                                     |
                                                                 |               ^^^^^^^^^^^^^^^^^^^^^^^^^^^^^^^^^^^^^^^^^^^^^^^^^^^^^^^^^^^^^^^^^^^                                                                                                                      |
                                                                 |   File "/modules/config.py", line 386, in check_for_attribute                                                                                                                                          |
                                                                 |     raise Failed(f"Config Error: {message}")                                                                                                                                                           |
                                                                 | modules.util.Failed: Config Error: tmdb sub-attribute apikey not found                                                                                                                                 |
                                                                 | tmdb sub-attribute apikey added to config                                                                                                                                                              |
                                                                 |                                                                                                                                                                                                        |
[2023-11-04 14:51:17,572] [plex_meta_manager.py:282]  [DEBUG]    | Traceback (most recent call last):                                                                                                                                                                     |
                                                                 |   File "//plex_meta_manager.py", line 280, in start                                                                                                                                                    |
                                                                 |     config = ConfigFile(default_dir, attrs, secret_args)                                                                                                                                               |
                                                                 |              ^^^^^^^^^^^^^^^^^^^^^^^^^^^^^^^^^^^^^^^^^^^                                                                                                                                               |
                                                                 |   File "/modules/config.py", line 498, in __init__                                                                                                                                                     |
                                                                 |     "apikey": check_for_attribute(self.data, "apikey", parent="tmdb", throw=True),                                                                                                                     |
                                                                 |               ^^^^^^^^^^^^^^^^^^^^^^^^^^^^^^^^^^^^^^^^^^^^^^^^^^^^^^^^^^^^^^^^^^^                                                                                                                      |
                                                                 |   File "/modules/config.py", line 386, in check_for_attribute                                                                                                                                          |
                                                                 |     raise Failed(f"Config Error: {message}")                                                                                                                                                           |
                                                                 | modules.util.Failed: Config Error: tmdb sub-attribute apikey not found                                                                                                                                 |
                                                                 | tmdb sub-attribute apikey added to config                                                                                                                                                              |
                                                                 |                                                                                                                                                                                                        |
[2023-11-04 14:51:17,573] [plex_meta_manager.py:283]  [CRITICAL] | Config Error: tmdb sub-attribute apikey not found                                                                                                                                                      |
                                                                 | tmdb sub-attribute apikey added to config                                                                                                                                                              |
[2023-11-04 14:51:17,573] [plex_meta_manager.py:291]  [INFO]     |                                                                                                                                                                                                        |
[2023-11-04 14:51:17,573] [plex_meta_manager.py:317]  [INFO]     |=========================================================================================== Warning Summary ============================================================================================|
[2023-11-04 14:51:17,573] [plex_meta_manager.py:319]  [INFO]     |                                                                                                                                                                                                        |
[2023-11-04 14:51:17,573] [plex_meta_manager.py:320]  [INFO]     | Count | Message                                                                                                                                                                                        |
[2023-11-04 14:51:17,573] [plex_meta_manager.py:321]  [INFO]     |=======|================================================================================================================================================================================================|
[2023-11-04 14:51:17,573] [plex_meta_manager.py:323]  [INFO]     |     1 | Config Warning: settings sub-attribute cache not found using True as default                                                                                                                   |
[2023-11-04 14:51:17,573] [plex_meta_manager.py:323]  [INFO]     |     1 | Config Warning: settings sub-attribute cache_expiration not found using 60 as default                                                                                                          |
[2023-11-04 14:51:17,573] [plex_meta_manager.py:323]  [INFO]     |     1 | Config Warning: settings sub-attribute asset_directory not found using None as default                                                                                                         |
[2023-11-04 14:51:17,573] [plex_meta_manager.py:323]  [INFO]     |     1 | Config Warning: settings sub-attribute asset_folders not found using True as default                                                                                                           |
[2023-11-04 14:51:17,573] [plex_meta_manager.py:323]  [INFO]     |     1 | Config Warning: settings sub-attribute asset_depth not found using 0 as default                                                                                                                |
[2023-11-04 14:51:17,573] [plex_meta_manager.py:323]  [INFO]     |     1 | Config Warning: settings sub-attribute create_asset_folders not found using False as default                                                                                                   |
[2023-11-04 14:51:17,573] [plex_meta_manager.py:323]  [INFO]     |     1 | Config Warning: settings sub-attribute prioritize_assets not found using False as default                                                                                                      |
[2023-11-04 14:51:17,573] [plex_meta_manager.py:323]  [INFO]     |     1 | Config Warning: settings sub-attribute dimensional_asset_rename not found using False as default                                                                                               |
[2023-11-04 14:51:17,573] [plex_meta_manager.py:323]  [INFO]     |     1 | Config Warning: settings sub-attribute download_url_assets not found using False as default                                                                                                    |
[2023-11-04 14:51:17,573] [plex_meta_manager.py:323]  [INFO]     |     1 | Config Warning: settings sub-attribute show_missing_assets not found using True as default                                                                                                     |
[2023-11-04 14:51:17,573] [plex_meta_manager.py:323]  [INFO]     |     1 | Config Warning: settings sub-attribute show_missing_season_assets not found using False as default                                                                                             |
[2023-11-04 14:51:17,573] [plex_meta_manager.py:323]  [INFO]     |     1 | Config Warning: settings sub-attribute show_missing_episode_assets not found using False as default                                                                                            |
[2023-11-04 14:51:17,573] [plex_meta_manager.py:323]  [INFO]     |     1 | Config Warning: settings sub-attribute show_asset_not_needed not found using True as default                                                                                                   |
[2023-11-04 14:51:17,573] [plex_meta_manager.py:323]  [INFO]     |     1 | Config Warning: settings sub-attribute sync_mode not found using append as default                                                                                                             |
[2023-11-04 14:51:17,573] [plex_meta_manager.py:323]  [INFO]     |     1 | Config Warning: settings sub-attribute default_collection_order not found using None as default                                                                                                |
[2023-11-04 14:51:17,573] [plex_meta_manager.py:323]  [INFO]     |     1 | Config Warning: settings sub-attribute minimum_items not found using 1 as default                                                                                                              |
[2023-11-04 14:51:17,573] [plex_meta_manager.py:323]  [INFO]     |     1 | Config Warning: settings sub-attribute item_refresh_delay not found using 0 as default                                                                                                         |
[2023-11-04 14:51:17,573] [plex_meta_manager.py:323]  [INFO]     |     1 | Config Warning: settings sub-attribute delete_below_minimum not found using False as default                                                                                                   |
[2023-11-04 14:51:17,573] [plex_meta_manager.py:323]  [INFO]     |     1 | Config Warning: settings sub-attribute delete_not_scheduled not found using False as default                                                                                                   |
[2023-11-04 14:51:17,574] [plex_meta_manager.py:323]  [INFO]     |     1 | Config Warning: settings sub-attribute run_again_delay not found using 0 as default                                                                                                            |
[2023-11-04 14:51:17,574] [plex_meta_manager.py:323]  [INFO]     |     1 | Config Warning: settings sub-attribute missing_only_released not found using False as default                                                                                                  |
[2023-11-04 14:51:17,574] [plex_meta_manager.py:323]  [INFO]     |     1 | Config Warning: settings sub-attribute only_filter_missing not found using False as default                                                                                                    |
[2023-11-04 14:51:17,574] [plex_meta_manager.py:323]  [INFO]     |     1 | Config Warning: settings sub-attribute show_unmanaged not found using True as default                                                                                                          |
[2023-11-04 14:51:17,574] [plex_meta_manager.py:323]  [INFO]     |     1 | Config Warning: settings sub-attribute show_unconfigured not found using True as default                                                                                                       |
[2023-11-04 14:51:17,574] [plex_meta_manager.py:323]  [INFO]     |     1 | Config Warning: settings sub-attribute show_filtered not found using False as default                                                                                                          |
[2023-11-04 14:51:17,574] [plex_meta_manager.py:323]  [INFO]     |     1 | Config Warning: settings sub-attribute show_options not found using False as default                                                                                                           |
[2023-11-04 14:51:17,574] [plex_meta_manager.py:323]  [INFO]     |     1 | Config Warning: settings sub-attribute show_missing not found using True as default                                                                                                            |
[2023-11-04 14:51:17,574] [plex_meta_manager.py:323]  [INFO]     |     1 | Config Warning: settings sub-attribute save_report not found using False as default                                                                                                            |
[2023-11-04 14:51:17,574] [plex_meta_manager.py:323]  [INFO]     |     1 | Config Warning: settings sub-attribute tvdb_language not found using default as default                                                                                                        |
[2023-11-04 14:51:17,574] [plex_meta_manager.py:323]  [INFO]     |     1 | Config Warning: settings sub-attribute playlist_sync_to_users not found using all as default                                                                                                   |
[2023-11-04 14:51:17,574] [plex_meta_manager.py:323]  [INFO]     |     1 | Config Warning: settings sub-attribute playlist_exclude_users not found using None as default                                                                                                  |
[2023-11-04 14:51:17,574] [plex_meta_manager.py:323]  [INFO]     |     1 | Config Warning: settings sub-attribute playlist_report not found using True as default                                                                                                         |
[2023-11-04 14:51:17,574] [plex_meta_manager.py:323]  [INFO]     |     1 | Config Warning: settings sub-attribute verify_ssl not found using True as default                                                                                                              |
[2023-11-04 14:51:17,574] [plex_meta_manager.py:323]  [INFO]     |     1 | Config Warning: settings sub-attribute custom_repo not found using None as default                                                                                                             |
[2023-11-04 14:51:17,574] [plex_meta_manager.py:323]  [INFO]     |     1 | Config Warning: settings sub-attribute check_nightly not found using False as default                                                                                                          |
[2023-11-04 14:51:17,574] [plex_meta_manager.py:324]  [INFO]     |                                                                                                                                                                                                        |
[2023-11-04 14:51:17,574] [plex_meta_manager.py:317]  [INFO]     |=========================================================================================== Critical Summary ===========================================================================================|
[2023-11-04 14:51:17,574] [plex_meta_manager.py:319]  [INFO]     |                                                                                                                                                                                                        |
[2023-11-04 14:51:17,574] [plex_meta_manager.py:320]  [INFO]     | Count | Message                                                                                                                                                                                        |
[2023-11-04 14:51:17,574] [plex_meta_manager.py:321]  [INFO]     |=======|================================================================================================================================================================================================|
[2023-11-04 14:51:17,574] [plex_meta_manager.py:323]  [INFO]     |     1 | Config Error: tmdb sub-attribute apikey not found                                                                                                                                              |
[2023-11-04 14:51:17,574] [plex_meta_manager.py:324]  [INFO]     |                                                                                                                                                                                                        |
[2023-11-04 14:51:17,574] [plex_meta_manager.py:329]  [INFO]     |========================================================================================================================================================================================================|
[2023-11-04 14:51:17,574] [plex_meta_manager.py:329]  [INFO]     |                                                                                              Finished Run                                                                                              |
[2023-11-04 14:51:17,574] [plex_meta_manager.py:329]  [INFO]     |                                                                                       Version: 1.19.1-nightly22                                                                                        |
[2023-11-04 14:51:17,574] [plex_meta_manager.py:329]  [INFO]     |                                                                            Finished: 14:51:17 2023-11-04 Run Time: 0:00:00                                                                             |
[2023-11-04 14:51:17,574] [plex_meta_manager.py:329]  [INFO]     |========================================================================================================================================================================================================|
